=== TRIANGLES ===

Graphe: data/roadNet-CA.txt
  n=1965206 nnz=5533214 deg_moy=2.81559 fingerprint=c0d6898a551b5f71
    [spread] min=796.464 med=797.946 max=798.049 range_over_median=0.00198733
    [spread] min=452.009 med=452.132 max=458.135 range_over_median=0.0135491
    [spread] min=500.921 med=501.299 max=501.566 range_over_median=0.00128686
    [spread] min=636.148 med=636.688 max=636.915 range_over_median=0.00120448
    [spread] min=579.154 med=580.619 max=581.864 range_over_median=0.00466681
    [spread] min=746.659 med=748.336 max=759.32 range_over_median=0.0169191
  [natural] T=120676 | mgus=797.946 merge=452.132 gallop=501.299 finger=636.688 (rr=0.301332) | cf=580.619 cf_finger=748.336 (rr=0.0970578) | counts_ok=1
    [spread] min=928.701 med=931.182 max=937.709 range_over_median=0.00967426
    [spread] min=418.099 med=418.574 max=418.923 range_over_median=0.00196762
    [spread] min=472.026 med=473.316 max=473.987 range_over_median=0.00414397
    [spread] min=611.246 med=611.734 max=613.248 range_over_median=0.0032728
    [spread] min=564.726 med=565.951 max=566.593 range_over_median=0.00329883
    [spread] min=744.723 med=745.66 max=746.726 range_over_median=0.00268645
  [rcm] T=120676 | mgus=931.182 merge=418.574 gallop=473.316 finger=611.734 (rr=0.340433) | cf=565.951 cf_finger=745.66 (rr=0.0631623) | counts_ok=1
    [spread] min=1203.53 med=1204.15 max=1205.26 range_over_median=0.00143475
    [spread] min=570.781 med=571.255 max=573.871 range_over_median=0.00540869
    [spread] min=616.949 med=617.859 max=618.654 range_over_median=0.00275911
    [spread] min=805.5 med=806.744 max=809.321 range_over_median=0.00473644
    [spread] min=583.827 med=584.401 max=586.64 range_over_median=0.00481396
    [spread] min=747.445 med=749.301 max=749.646 range_over_median=0.00293677
  [degree] T=120676 | mgus=1204.15 merge=571.255 gallop=617.859 finger=806.744 (rr=0.442078) | cf=584.401 cf_finger=749.301 (rr=0.0970578) | counts_ok=1

Graphe: data/email-Enron.txt
  n=36692 nnz=367662 deg_moy=10.0202 fingerprint=e020b121d9c2b4d3
    [spread] min=1214.98 med=1216.31 max=1217.52 range_over_median=0.00208157
    [spread] min=540.56 med=542.167 max=543.923 range_over_median=0.00620282
    [spread] min=390.745 med=391.908 max=394.713 range_over_median=0.0101233
    [spread] min=417.753 med=418.63 max=421.591 range_over_median=0.00916729
    [spread] min=108.123 med=108.271 max=109.507 range_over_median=0.0127867
    [spread] min=120.041 med=120.131 max=120.323 range_over_median=0.00234509
  [natural] T=727044 | mgus=1216.31 merge=542.167 gallop=391.908 finger=418.63 (rr=0.806213) | cf=108.271 cf_finger=120.131 (rr=0.761098) | counts_ok=1
    [spread] min=1240.58 med=1241.18 max=1242.2 range_over_median=0.00130894
    [spread] min=711.381 med=711.92 max=712.567 range_over_median=0.00166583
    [spread] min=395.46 med=396.815 max=397.227 range_over_median=0.00445251
    [spread] min=411.416 med=411.822 max=415.669 range_over_median=0.0103286
    [spread] min=108.034 med=108.209 max=111.878 range_over_median=0.0355254
    [spread] min=120.021 med=120.287 max=123.237 range_over_median=0.0267364
  [rcm] T=727044 | mgus=1241.18 merge=711.92 gallop=396.815 finger=411.822 (rr=0.845184) | cf=108.209 cf_finger=120.287 (rr=0.760199) | counts_ok=1
    [spread] min=1369.06 med=1369.7 max=1372.61 range_over_median=0.00259216
    [spread] min=746.775 med=747.176 max=747.885 range_over_median=0.00148546
    [spread] min=465.612 med=467.044 max=468.6 range_over_median=0.0063975
    [spread] min=487.227 med=489.319 max=491.9 range_over_median=0.00955036
    [spread] min=108.198 med=108.248 max=108.43 range_over_median=0.00213966
    [spread] min=120.082 med=120.303 max=122.43 range_over_median=0.0195154
  [degree] T=727044 | mgus=1369.7 merge=747.176 gallop=467.044 finger=489.319 (rr=0.865289) | cf=108.248 cf_finger=120.303 (rr=0.761098) | counts_ok=1

Graphe: gen:band:20000:16
  n=20000 nnz=639728 deg_moy=31.9864 fingerprint=b30d25a2bad1087d
    [spread] min=309.961 med=310.08 max=310.362 range_over_median=0.00129335
    [spread] min=164.753 med=164.827 max=164.986 range_over_median=0.0014131
    [spread] min=164.858 med=164.927 max=165.222 range_over_median=0.00220898
    [spread] min=180.157 med=180.279 max=180.634 range_over_median=0.00264608
    [spread] min=88.1193 med=88.2632 max=88.4391 range_over_median=0.00362375
    [spread] min=104.829 med=105.159 max=106.368 range_over_median=0.0146296
  [natural] T=2398640 | mgus=310.08 merge=164.827 gallop=164.927 finger=180.279 (rr=0.937477) | cf=88.2632 cf_finger=105.159 (rr=0.875047) | counts_ok=1
    [spread] min=310.116 med=310.221 max=310.433 range_over_median=0.00102112
    [spread] min=164.95 med=165.163 max=165.233 range_over_median=0.00171737
    [spread] min=165.11 med=165.304 max=165.419 range_over_median=0.00186494
    [spread] min=180.34 med=180.465 max=180.517 range_over_median=0.000979811
    [spread] min=88.2153 med=88.2857 max=88.4921 range_over_median=0.00313495
    [spread] min=105.2 med=105.433 max=108.861 range_over_median=0.0347235
  [rcm] T=2398640 | mgus=310.221 merge=165.163 gallop=165.304 finger=180.465 (rr=0.937477) | cf=88.2857 cf_finger=105.433 (rr=0.875047) | counts_ok=1
    [spread] min=309.398 med=309.472 max=309.612 range_over_median=0.000692376
    [spread] min=164.801 med=164.838 max=165.288 range_over_median=0.00295429
    [spread] min=165.152 med=165.346 max=165.5 range_over_median=0.0021048
    [spread] min=180.262 med=180.475 max=180.761 range_over_median=0.00276556
    [spread] min=88.0259 med=88.3817 max=88.5329 range_over_median=0.00573626
    [spread] min=105.158 med=105.281 max=105.51 range_over_median=0.00334423
  [degree] T=2398640 | mgus=309.472 merge=164.838 gallop=165.346 finger=180.475 (rr=0.93748) | cf=88.3817 cf_finger=105.281 (rr=0.875047) | counts_ok=1

Graphe: gen:ba:20000:8
  n=20000 nnz=319122 deg_moy=15.9561 fingerprint=fa917d3836e2f882
    [spread] min=561.473 med=563.721 max=564.772 range_over_median=0.0058523
    [spread] min=227.324 med=227.673 max=229.543 range_over_median=0.00974738
    [spread] min=212.471 med=212.905 max=218.826 range_over_median=0.0298478
    [spread] min=235.788 med=236.622 max=240 range_over_median=0.0177989
    [spread] min=58.3347 med=58.4194 max=58.5475 range_over_median=0.00364283
    [spread] min=69.9664 med=70.0845 max=70.1932 range_over_median=0.00323642
  [natural] T=10435 | mgus=563.721 merge=227.673 gallop=212.905 finger=236.622 (rr=0.874662) | cf=58.4194 cf_finger=70.0845 (rr=0.762247) | counts_ok=1
    [spread] min=526.955 med=527.999 max=529.055 range_over_median=0.00397856
    [spread] min=227.32 med=227.775 max=228.649 range_over_median=0.00583337
    [spread] min=183.006 med=183.288 max=184.909 range_over_median=0.0103835
    [spread] min=202.152 med=202.242 max=206.996 range_over_median=0.0239515
    [spread] min=58.2912 med=58.3518 max=58.5485 range_over_median=0.00440932
    [spread] min=69.9656 med=70.8261 max=75.2104 range_over_median=0.0740524
  [rcm] T=10435 | mgus=527.999 merge=227.775 gallop=183.288 finger=202.242 (rr=0.890236) | cf=58.3518 cf_finger=70.8261 (rr=0.760198) | counts_ok=1
    [spread] min=561.327 med=561.416 max=564.555 range_over_median=0.00575108
    [spread] min=237.735 med=237.845 max=242.298 range_over_median=0.0191844
    [spread] min=205.676 med=205.906 max=209.163 range_over_median=0.0169365
    [spread] min=221.602 med=221.886 max=228.202 range_over_median=0.0297462
    [spread] min=58.3127 med=58.3838 max=58.6358 range_over_median=0.0055345
    [spread] min=70.0451 med=70.272 max=70.4945 range_over_median=0.00639554
  [degree] T=10435 | mgus=561.416 merge=237.845 gallop=205.906 finger=221.886 (rr=0.90786) | cf=58.3838 cf_finger=70.272 (rr=0.762247) | counts_ok=1

Sauvegarde: results/raspberry_pi/threads/tri_T1.csv
