=== TRIANGLES ===

Graphe: data/email-Enron.txt
  n=36692 nnz=367662 deg_moy=10.0202 fingerprint=e020b121d9c2b4d3
    [spread] min=62.9408 med=63.2338 max=63.39 range_over_median=0.00710394
    [spread] min=55.8385 med=57.71 max=60.9278 range_over_median=0.0881881
    [spread] min=56.6467 med=57.8871 max=58.5177 range_over_median=0.0323223
    [spread] min=59.8559 med=60.2377 max=61.0054 range_over_median=0.0190834
    [spread] min=14.1631 med=14.4161 max=14.4733 range_over_median=0.0215153
    [spread] min=16.648 med=16.737 max=16.7697 range_over_median=0.00726688
    [spread] min=9.96229 med=10.0887 max=10.2874 range_over_median=0.0322265
    [spread] min=3.01854 med=3.06658 max=3.20029 range_over_median=0.0592676
  [natural] T=727044 | mgus=63.2338 merge=57.71 gallop=57.8871 finger=60.2377 (rr=0.806213) | cf=14.4161 cf_finger=16.737 (rr=0.761098) | counts_ok=1
    [spread] min=89.6874 med=90.1296 max=90.5505 range_over_median=0.00957555
    [spread] min=72.0001 med=72.8251 max=73.3906 range_over_median=0.0190931
    [spread] min=59.9664 med=60.4374 max=61.4573 range_over_median=0.0246674
    [spread] min=62.8465 med=63.3298 max=63.9056 range_over_median=0.0167246
    [spread] min=14.2212 med=14.4595 max=14.6119 range_over_median=0.0270209
    [spread] min=16.498 med=16.815 max=17.0231 range_over_median=0.0312246
    [spread] min=9.55733 med=9.63087 max=9.75962 range_over_median=0.0210045
    [spread] min=2.92104 med=3.07254 max=3.13425 range_over_median=0.0693914
  [rcm] T=727044 | mgus=90.1296 merge=72.8251 gallop=60.4374 finger=63.3298 (rr=0.845184) | cf=14.4595 cf_finger=16.815 (rr=0.760199) | counts_ok=1
    [spread] min=89.5706 med=90.171 max=90.3333 range_over_median=0.00845801
    [spread] min=75.6678 med=75.9701 max=77.0956 range_over_median=0.0187936
    [spread] min=66.306 med=66.3807 max=67.0925 range_over_median=0.0118477
    [spread] min=67.8307 med=68.5718 max=69.5545 range_over_median=0.0251385
    [spread] min=14.5519 med=14.6998 max=14.992 range_over_median=0.0299353
    [spread] min=16.6951 med=16.7338 max=16.8774 range_over_median=0.0108936
    [spread] min=10.565 med=10.5906 max=10.6301 range_over_median=0.00614147
    [spread] min=3.03242 med=3.1565 max=3.22575 range_over_median=0.0612492
  [degree] T=727044 | mgus=90.171 merge=75.9701 gallop=66.3807 finger=68.5718 (rr=0.865289) | cf=14.6998 cf_finger=16.7338 (rr=0.761098) | counts_ok=1

Graphe: gen:ba:20000:8
  n=20000 nnz=319122 deg_moy=15.9561 fingerprint=fa917d3836e2f882
    [spread] min=22.92 med=23.192 max=23.2255 range_over_median=0.0131726
    [spread] min=23.3323 med=25.2476 max=25.5209 range_over_median=0.0866863
    [spread] min=23.6901 med=24.1239 max=24.5559 range_over_median=0.035891
    [spread] min=25.6082 med=25.8374 max=26.0054 range_over_median=0.0153734
    [spread] min=5.88396 med=5.93479 max=5.98 range_over_median=0.0161829
    [spread] min=7.51796 med=7.56258 max=7.67479 range_over_median=0.0207379
    [spread] min=6.3695 med=6.38325 max=6.64675 range_over_median=0.043434
    [spread] min=1.62171 med=1.67762 max=1.76517 range_over_median=0.0855132
  [natural] T=10435 | mgus=23.192 merge=25.2476 gallop=24.1239 finger=25.8374 (rr=0.874662) | cf=5.93479 cf_finger=7.56258 (rr=0.762247) | counts_ok=1
    [spread] min=22.3953 med=22.4143 max=22.7237 range_over_median=0.0146502
    [spread] min=24.9389 med=25.3601 max=26.3232 range_over_median=0.0545854
    [spread] min=22.8583 med=22.9506 max=23.0576 range_over_median=0.00868351
    [spread] min=24.615 med=25.107 max=25.2407 range_over_median=0.0249217
    [spread] min=6.01438 med=6.06163 max=6.383 range_over_median=0.0608129
    [spread] min=7.59296 med=7.74787 max=7.8075 range_over_median=0.0276904
    [spread] min=3.74792 med=3.77933 max=3.85154 range_over_median=0.0274189
    [spread] min=1.54754 med=1.59617 max=1.93413 range_over_median=0.242195
  [rcm] T=10435 | mgus=22.4143 merge=25.3601 gallop=22.9506 finger=25.107 (rr=0.890236) | cf=6.06163 cf_finger=7.74787 (rr=0.760198) | counts_ok=1
    [spread] min=22.1605 med=22.4809 max=22.5064 range_over_median=0.015389
    [spread] min=25.489 med=25.6573 max=25.7374 range_over_median=0.0096805
    [spread] min=24.3031 med=25.1631 max=25.2873 range_over_median=0.0391115
    [spread] min=26.2806 med=26.5342 max=26.6328 range_over_median=0.0132738
    [spread] min=6.17267 med=6.24454 max=6.49313 range_over_median=0.0513181
    [spread] min=7.39579 med=7.48158 max=7.50404 range_over_median=0.0144689
    [spread] min=3.93275 med=3.968 max=3.97846 range_over_median=0.0115192
    [spread] min=1.55438 med=1.69667 max=1.89958 range_over_median=0.203463
  [degree] T=10435 | mgus=22.4809 merge=25.6573 gallop=25.1631 finger=26.5342 (rr=0.90786) | cf=6.24454 cf_finger=7.48158 (rr=0.762247) | counts_ok=1

Sauvegarde: results/macbook/scheduling/dynamic64.csv
