=== TRIANGLES ===

Graphe: data/email-Enron.txt
  n=36692 nnz=367662 deg_moy=10.0202 fingerprint=e020b121d9c2b4d3
    [spread] min=63.2262 med=63.359 max=63.9913 range_over_median=0.0120747
    [spread] min=56.9477 med=57.5388 max=64.2495 range_over_median=0.126903
    [spread] min=57.8177 med=58.422 max=58.78 range_over_median=0.0164728
    [spread] min=59.6656 med=60.2347 max=61.302 range_over_median=0.0271666
    [spread] min=14.4453 med=14.5216 max=14.6442 range_over_median=0.0137008
    [spread] min=16.5102 med=16.5461 max=16.6205 range_over_median=0.00666067
    [spread] min=47 med=47.1435 max=48.0015 range_over_median=0.0212454
    [spread] min=2.84783 med=2.96738 max=3.06196 range_over_median=0.0721597
  [natural] T=727044 | mgus=63.359 merge=57.5388 gallop=58.422 finger=60.2347 (rr=0.806213) | cf=14.5216 cf_finger=16.5461 (rr=0.761098) | counts_ok=1
    [spread] min=89.8736 med=89.9963 max=90.3777 range_over_median=0.00560116
    [spread] min=72.0105 med=73.3087 max=73.4707 range_over_median=0.0199186
    [spread] min=59.6989 med=60.3252 max=61.2335 range_over_median=0.0254378
    [spread] min=62.1678 med=62.7088 max=63.6391 range_over_median=0.0234623
    [spread] min=14.1121 med=14.3456 max=14.3856 range_over_median=0.019065
    [spread] min=16.5709 med=16.6007 max=16.7213 range_over_median=0.00906084
    [spread] min=10.3972 med=10.4116 max=10.4758 range_over_median=0.00755166
    [spread] min=2.94121 med=2.99971 max=3.20237 range_over_median=0.0870638
  [rcm] T=727044 | mgus=89.9963 merge=73.3087 gallop=60.3252 finger=62.7088 (rr=0.845184) | cf=14.3456 cf_finger=16.6007 (rr=0.760199) | counts_ok=1
    [spread] min=89.9103 med=90.086 max=90.3917 range_over_median=0.00534397
    [spread] min=75.6441 med=75.8517 max=76.4231 range_over_median=0.0102706
    [spread] min=65.4504 med=65.8663 max=66.5568 range_over_median=0.0167979
    [spread] min=67.2535 med=67.8418 max=68.3684 range_over_median=0.0164335
    [spread] min=14.3588 med=14.6063 max=14.8502 range_over_median=0.0336443
    [spread] min=16.3354 med=16.7093 max=16.9047 range_over_median=0.0340729
    [spread] min=9.46821 med=9.4945 max=9.77267 range_over_median=0.0320669
    [spread] min=2.90183 med=3.08229 max=3.22167 range_over_median=0.103765
  [degree] T=727044 | mgus=90.086 merge=75.8517 gallop=65.8663 finger=67.8418 (rr=0.865289) | cf=14.6063 cf_finger=16.7093 (rr=0.761098) | counts_ok=1

Graphe: gen:ba:20000:8
  n=20000 nnz=319122 deg_moy=15.9561 fingerprint=fa917d3836e2f882
    [spread] min=23.1711 med=23.1895 max=23.2223 range_over_median=0.00220643
    [spread] min=22.9782 med=23.4215 max=23.5993 range_over_median=0.0265177
    [spread] min=23.5535 med=24.4486 max=24.6703 range_over_median=0.0456825
    [spread] min=25.6931 med=25.8014 max=25.8218 range_over_median=0.00498683
    [spread] min=6.03058 med=6.12721 max=6.27454 range_over_median=0.0398157
    [spread] min=7.66188 med=7.67387 max=7.89204 range_over_median=0.0299935
    [spread] min=15.9578 med=16.0636 max=16.3458 range_over_median=0.0241514
    [spread] min=1.49371 med=1.64821 max=1.70504 range_over_median=0.12822
  [natural] T=10435 | mgus=23.1895 merge=23.4215 gallop=24.4486 finger=25.8014 (rr=0.874662) | cf=6.12721 cf_finger=7.67387 (rr=0.762247) | counts_ok=1
    [spread] min=22.4581 med=22.4633 max=22.4846 range_over_median=0.0011797
    [spread] min=24.9415 med=25.1139 max=25.6449 range_over_median=0.0280074
    [spread] min=22.8425 med=22.9925 max=23.0144 range_over_median=0.00747528
    [spread] min=25.0093 med=25.1593 max=25.1713 range_over_median=0.00643901
    [spread] min=6.05567 med=6.06346 max=6.67483 range_over_median=0.102115
    [spread] min=7.58717 med=7.69512 max=7.8385 range_over_median=0.0326615
    [spread] min=3.70987 med=3.834 max=3.85688 range_over_median=0.0383412
    [spread] min=1.52683 med=1.62538 max=1.75438 range_over_median=0.139994
  [rcm] T=10435 | mgus=22.4633 merge=25.1139 gallop=22.9925 finger=25.1593 (rr=0.890236) | cf=6.06346 cf_finger=7.69512 (rr=0.760198) | counts_ok=1
    [spread] min=22.1971 med=22.438 max=22.4977 range_over_median=0.0133944
    [spread] min=25.4704 med=25.7541 max=25.8686 range_over_median=0.0154619
    [spread] min=24.3869 med=24.8093 max=24.8417 range_over_median=0.0183298
    [spread] min=26.1692 med=26.598 max=26.6632 range_over_median=0.0185712
    [spread] min=6.12188 med=6.16533 max=6.30588 range_over_median=0.0298443
    [spread] min=7.60062 med=7.64442 max=7.896 range_over_median=0.0386393
    [spread] min=3.66392 med=3.67588 max=3.73617 range_over_median=0.0196552
    [spread] min=1.50067 med=1.55163 max=1.74304 range_over_median=0.156207
  [degree] T=10435 | mgus=22.438 merge=25.7541 gallop=24.8093 finger=26.598 (rr=0.90786) | cf=6.16533 cf_finger=7.64442 (rr=0.762247) | counts_ok=1

Sauvegarde: results/macbook/scheduling/guided.csv
