=== TRIANGLES ===

Graphe: data/email-Enron.txt
  n=36692 nnz=367662 deg_moy=10.0202 fingerprint=e020b121d9c2b4d3
    [spread] min=63.0426 med=63.3768 max=63.5797 range_over_median=0.00847444
    [spread] min=60.3837 med=61.6783 max=62.6163 range_over_median=0.0361972
    [spread] min=56.7816 med=57.6341 max=57.7109 range_over_median=0.0161233
    [spread] min=59.4445 med=60.0495 max=61.3281 range_over_median=0.0313672
    [spread] min=14.0569 med=14.1533 max=14.6046 range_over_median=0.0386982
    [spread] min=16.0526 med=16.5558 max=16.697 range_over_median=0.0389213
    [spread] min=53.7245 med=54.082 max=54.683 range_over_median=0.0177215
    [spread] min=13.5933 med=13.717 max=14.9769 range_over_median=0.100866
  [natural] T=727044 | mgus=63.3768 merge=61.6783 gallop=57.6341 finger=60.0495 (rr=0.806213) | cf=14.1533 cf_finger=16.5558 (rr=0.761098) | counts_ok=1
    [spread] min=89.6095 med=89.8978 max=90.6167 range_over_median=0.0112039
    [spread] min=71.818 med=71.9546 max=72.5216 range_over_median=0.00977815
    [spread] min=59.3889 med=59.955 max=60.669 range_over_median=0.0213514
    [spread] min=62.5669 med=63.0251 max=63.8817 range_over_median=0.0208621
    [spread] min=13.9006 med=14.1901 max=14.5766 range_over_median=0.0476387
    [spread] min=16.5129 med=16.5676 max=16.6508 range_over_median=0.00832451
    [spread] min=29.6168 med=29.7837 max=30.0058 range_over_median=0.0130622
    [spread] min=13.5213 med=13.6322 max=13.7529 range_over_median=0.0169911
  [rcm] T=727044 | mgus=89.8978 merge=71.9546 gallop=59.955 finger=63.0251 (rr=0.845184) | cf=14.1901 cf_finger=16.5676 (rr=0.760199) | counts_ok=1
    [spread] min=89.9802 med=90.1523 max=90.402 range_over_median=0.00467819
    [spread] min=74.1458 med=75.6295 max=77.0751 range_over_median=0.0387333
    [spread] min=65.5945 med=66.5734 max=66.9465 range_over_median=0.0203078
    [spread] min=68.0088 med=68.2077 max=68.7627 range_over_median=0.0110532
    [spread] min=14.5324 med=14.5584 max=14.7105 range_over_median=0.0122352
    [spread] min=16.2495 med=16.5968 max=16.9296 range_over_median=0.0409794
    [spread] min=60.71 med=61.1482 max=62.5041 range_over_median=0.0293399
    [spread] min=13.7081 med=14.0375 max=14.328 range_over_median=0.0441556
  [degree] T=727044 | mgus=90.1523 merge=75.6295 gallop=66.5734 finger=68.2077 (rr=0.865289) | cf=14.5584 cf_finger=16.5968 (rr=0.761098) | counts_ok=1

Graphe: gen:ba:20000:8
  n=20000 nnz=319122 deg_moy=15.9561 fingerprint=fa917d3836e2f882
    [spread] min=22.8915 med=23.1648 max=23.1828 range_over_median=0.0125784
    [spread] min=23.0148 med=23.3958 max=23.748 range_over_median=0.0313375
    [spread] min=23.5993 med=24.0927 max=24.2613 range_over_median=0.0274773
    [spread] min=25.3913 med=25.8526 max=26.2553 range_over_median=0.0334203
    [spread] min=5.99629 med=6.05363 max=6.16992 range_over_median=0.0286812
    [spread] min=7.76088 med=7.7825 max=8.02992 range_over_median=0.0345701
    [spread] min=18.9755 med=19.1078 max=19.4248 range_over_median=0.0235135
    [spread] min=1.62683 med=1.74408 max=1.82333 range_over_median=0.112667
  [natural] T=10435 | mgus=23.1648 merge=23.3958 gallop=24.0927 finger=25.8526 (rr=0.874662) | cf=6.05363 cf_finger=7.7825 (rr=0.762247) | counts_ok=1
    [spread] min=22.4276 med=22.4528 max=22.4807 range_over_median=0.00236425
    [spread] min=25.0038 med=25.0102 max=25.1617 range_over_median=0.00631411
    [spread] min=22.7348 med=22.9363 max=22.998 range_over_median=0.0114756
    [spread] min=24.7349 med=25.0147 max=25.1266 range_over_median=0.0156591
    [spread] min=5.9175 med=5.99 max=6.17867 range_over_median=0.0436005
    [spread] min=7.45679 med=7.60496 max=7.70413 range_over_median=0.0325227
    [spread] min=3.76571 med=3.80867 max=3.86258 range_over_median=0.0254357
    [spread] min=1.66013 med=1.71042 max=2.05071 range_over_median=0.228355
  [rcm] T=10435 | mgus=22.4528 merge=25.0102 gallop=22.9363 finger=25.0147 (rr=0.890236) | cf=5.99 cf_finger=7.60496 (rr=0.760198) | counts_ok=1
    [spread] min=22.2775 med=22.4114 max=22.5226 range_over_median=0.0109375
    [spread] min=25.5286 med=25.6373 max=26.4216 range_over_median=0.0348321
    [spread] min=24.8196 med=24.8626 max=24.866 range_over_median=0.0018669
    [spread] min=26.1373 med=26.5204 max=26.6896 range_over_median=0.0208283
    [spread] min=5.86038 med=6.18775 max=6.23617 range_over_median=0.0607314
    [spread] min=7.40071 med=7.48375 max=7.55058 range_over_median=0.0200267
    [spread] min=8.13821 med=8.21696 max=8.27688 range_over_median=0.0168757
    [spread] min=1.54354 med=1.76908 max=1.88262 range_over_median=0.191672
  [degree] T=10435 | mgus=22.4114 merge=25.6373 gallop=24.8626 finger=26.5204 (rr=0.90786) | cf=6.18775 cf_finger=7.48375 (rr=0.762247) | counts_ok=1

Sauvegarde: results/macbook/scheduling/static.csv
