=== FULLSPGEMM (positionnement) ===
    [spread] min=13.7824 med=13.8447 max=13.8897 range_over_median=0.00774659
    [spread] min=432.66 med=432.896 max=433.359 range_over_median=0.00161403
    [spread] min=503.675 med=504.303 max=504.623 range_over_median=0.00188024
    [spread] min=463.554 med=464.097 max=464.831 range_over_median=0.00275176
    [spread] min=536.172 med=537.797 max=538.848 range_over_median=0.00497578
beta 0 | gus=13.8447 sl=432.896 sl+g=504.303 gd=464.097 gd+g=537.797 | rewind=0.999512 correct=1
    [spread] min=14.2814 med=14.5249 max=14.5333 range_over_median=0.0173467
    [spread] min=436.226 med=436.65 max=436.93 range_over_median=0.00161161
    [spread] min=500.611 med=503.021 max=504.372 range_over_median=0.00747758
    [spread] min=457.447 med=459.07 max=461.428 range_over_median=0.00867215
    [spread] min=530.848 med=532.508 max=532.955 range_over_median=0.00395643
beta 0 | gus=14.5249 sl=436.65 sl+g=503.021 gd=459.07 gd+g=532.508 | rewind=0.999512 correct=1
    [spread] min=14.0146 med=14.0844 max=14.2863 range_over_median=0.0192885
    [spread] min=431.425 med=431.719 max=433.404 range_over_median=0.00458419
    [spread] min=499.632 med=504.575 max=504.836 range_over_median=0.010315
    [spread] min=456.199 med=457.87 max=458.697 range_over_median=0.00545543
    [spread] min=528.818 med=529.87 max=531.68 range_over_median=0.00540258
beta 0 | gus=14.0844 sl=431.719 sl+g=504.575 gd=457.87 gd+g=529.87 | rewind=0.999512 correct=1
    [spread] min=13.4873 med=13.5317 max=13.6723 range_over_median=0.0136747
    [spread] min=378.384 med=378.947 max=381.047 range_over_median=0.00702627
    [spread] min=434.139 med=434.862 max=435.691 range_over_median=0.00356914
    [spread] min=401.092 med=401.881 max=404.572 range_over_median=0.0086599
    [spread] min=451.011 med=457.128 max=458.832 range_over_median=0.0171097
beta 0.3 | gus=13.5317 sl=378.947 sl+g=434.862 gd=401.881 gd+g=457.128 | rewind=0.999505 correct=1
    [spread] min=13.3164 med=13.4906 max=13.5431 range_over_median=0.0168049
    [spread] min=377.479 med=379.406 max=380.467 range_over_median=0.00787667
    [spread] min=427.225 med=427.847 max=431.174 range_over_median=0.00922955
    [spread] min=397.878 med=399.144 max=400.026 range_over_median=0.00538058
    [spread] min=457.127 med=457.219 max=458.038 range_over_median=0.00199339
beta 0.3 | gus=13.4906 sl=379.406 sl+g=427.847 gd=399.144 gd+g=457.219 | rewind=0.999247 correct=1
    [spread] min=13.316 med=13.6077 max=13.6952 range_over_median=0.0278611
    [spread] min=378.606 med=378.844 max=379.308 range_over_median=0.00185256
    [spread] min=427.087 med=427.944 max=430.803 range_over_median=0.00868406
    [spread] min=397.894 med=398.537 max=399.746 range_over_median=0.00464689
    [spread] min=451.952 med=453.993 max=454.944 range_over_median=0.00658959
beta 0.3 | gus=13.6077 sl=378.844 sl+g=427.944 gd=398.537 gd+g=453.993 | rewind=0.999511 correct=1
    [spread] min=12.4701 med=12.499 max=12.6033 range_over_median=0.0106542
    [spread] min=290.376 med=290.631 max=291.177 range_over_median=0.00275751
    [spread] min=315.783 med=315.892 max=315.95 range_over_median=0.000526948
    [spread] min=304.126 med=304.31 max=304.514 range_over_median=0.00127433
    [spread] min=332.262 med=332.695 max=333.03 range_over_median=0.00230742
beta 0.6 | gus=12.499 sl=290.631 sl+g=315.892 gd=304.31 gd+g=332.695 | rewind=0.996091 correct=1
    [spread] min=12.8147 med=12.8543 max=12.9245 range_over_median=0.00854127
    [spread] min=288.388 med=288.729 max=290.413 range_over_median=0.00701132
    [spread] min=309.142 med=310.186 max=311.566 range_over_median=0.00781574
    [spread] min=299.145 med=299.626 max=299.809 range_over_median=0.00221554
    [spread] min=328.303 med=329.473 max=330.869 range_over_median=0.00778604
beta 0.6 | gus=12.8543 sl=288.729 sl+g=310.186 gd=299.626 gd+g=329.473 | rewind=0.997393 correct=1
    [spread] min=12.9483 med=13.0584 max=13.371 range_over_median=0.0323705
    [spread] min=289.905 med=290.035 max=294.147 range_over_median=0.0146239
    [spread] min=313.327 med=314.912 max=315.085 range_over_median=0.00558238
    [spread] min=303.909 med=304.73 max=305.717 range_over_median=0.0059338
    [spread] min=332.021 med=332.552 max=333.059 range_over_median=0.00312094
beta 0.6 | gus=13.0584 sl=290.035 sl+g=314.912 gd=304.73 gd+g=332.552 | rewind=0.996125 correct=1
    [spread] min=9.82683 med=9.87754 max=9.87892 range_over_median=0.00527297
    [spread] min=151.609 med=152.678 max=152.773 range_over_median=0.00762253
    [spread] min=99.2803 med=99.766 max=100.139 range_over_median=0.0086114
    [spread] min=135.429 med=136.163 max=137.801 range_over_median=0.0174206
    [spread] min=101.006 med=101.524 max=102.537 range_over_median=0.0150839
beta 0.9 | gus=9.87754 sl=152.678 sl+g=99.766 gd=136.163 gd+g=101.524 | rewind=0.766091 correct=1
    [spread] min=9.73079 med=9.74408 max=9.80258 range_over_median=0.00736786
    [spread] min=149.176 med=150.188 max=150.793 range_over_median=0.0107659
    [spread] min=98.9956 med=100.017 max=100.905 range_over_median=0.0190872
    [spread] min=136.193 med=136.707 max=138.088 range_over_median=0.0138596
    [spread] min=101.83 med=101.937 max=102.292 range_over_median=0.00453303
beta 0.9 | gus=9.74408 sl=150.188 sl+g=100.017 gd=136.707 gd+g=101.937 | rewind=0.76574 correct=1
    [spread] min=9.44746 med=9.60092 max=9.63896 range_over_median=0.019946
    [spread] min=150.964 med=151.422 max=152.174 range_over_median=0.00799258
    [spread] min=98.5149 med=98.9601 max=99.1468 range_over_median=0.00638515
    [spread] min=135.833 med=136.351 max=137.509 range_over_median=0.0122894
    [spread] min=100.743 med=100.786 max=100.885 range_over_median=0.00141555
beta 0.9 | gus=9.60092 sl=151.422 sl+g=98.9601 gd=136.351 gd+g=100.786 | rewind=0.770168 correct=1
    [spread] min=8.22475 med=8.25163 max=8.35463 range_over_median=0.0157393
    [spread] min=111.72 med=112.375 max=114.551 range_over_median=0.0251916
    [spread] min=50.689 med=50.9504 max=51.7501 range_over_median=0.0208274
    [spread] min=99.1001 med=99.112 max=100.964 range_over_median=0.0188062
    [spread] min=50.7591 med=50.9382 max=51.1231 range_over_median=0.00714592
beta 0.95 | gus=8.25163 sl=112.375 sl+g=50.9504 gd=99.112 gd+g=50.9382 | rewind=0.630272 correct=1
    [spread] min=8.30579 med=8.31192 max=8.47846 range_over_median=0.0207734
    [spread] min=111.477 med=113.238 max=114.035 range_over_median=0.0225918
    [spread] min=50.825 med=50.914 max=51.0195 range_over_median=0.00382017
    [spread] min=98.3266 med=98.3539 max=98.5367 range_over_median=0.00213642
    [spread] min=50.6929 med=51.0771 max=51.2143 range_over_median=0.0102092
beta 0.95 | gus=8.31192 sl=113.238 sl+g=50.914 gd=98.3539 gd+g=51.0771 | rewind=0.64148 correct=1
    [spread] min=8.39325 med=8.40188 max=8.42683 range_over_median=0.0039972
    [spread] min=113.386 med=113.429 max=113.818 range_over_median=0.00380302
    [spread] min=50.5712 med=50.8099 max=50.8712 range_over_median=0.00590271
    [spread] min=97.9476 med=98.6039 max=99.1337 range_over_median=0.0120292
    [spread] min=50.4505 med=50.6367 max=50.7692 range_over_median=0.00629565
beta 0.95 | gus=8.40188 sl=113.429 sl+g=50.8099 gd=98.6039 gd+g=50.6367 | rewind=0.626534 correct=1
    [spread] min=0.686458 med=0.699667 max=0.712541 range_over_median=0.0372792
    [spread] min=61.0833 med=61.8126 max=62.2521 range_over_median=0.0189093
    [spread] min=15.1251 med=15.1444 max=15.2317 range_over_median=0.00704334
    [spread] min=29.1686 med=29.4594 max=29.8242 range_over_median=0.0222538
    [spread] min=9.69896 med=9.70204 max=9.74325 range_over_median=0.00456522
band 16 | gus=0.699667 sl=61.8126 sl+g=15.1444 gd=29.4594 gd+g=9.70204 | rewind=0.0145376 correct=1
    [spread] min=1.81587 med=1.82275 max=1.89779 range_over_median=0.0449414
    [spread] min=120.317 med=121.187 max=123.165 range_over_median=0.023498
    [spread] min=18.1524 med=18.2287 max=18.2339 range_over_median=0.00447098
    [spread] min=53.7923 med=53.9084 max=54.1513 range_over_median=0.00665868
    [spread] min=13.2932 med=13.2958 max=13.4191 range_over_median=0.00947349
band 32 | gus=1.82275 sl=121.187 sl+g=18.2287 gd=53.9084 gd+g=13.2958 | rewind=0.0298078 correct=1
    [spread] min=6.02379 med=6.03596 max=6.04096 range_over_median=0.00284396
    [spread] min=234.023 med=236.631 max=240.427 range_over_median=0.0270645
    [spread] min=26.5267 med=26.6052 max=26.6724 range_over_median=0.00547355
    [spread] min=106.237 med=107.211 max=108.047 range_over_median=0.01689
    [spread] min=20.3478 med=20.5397 max=21.3305 range_over_median=0.0478443
band 64 | gus=6.03596 sl=236.631 sl+g=26.6052 gd=107.211 gd+g=20.5397 | rewind=0.0596159 correct=1
    [spread] min=24.1058 med=24.1244 max=24.1255 range_over_median=0.000815192
    [spread] min=438.063 med=438.255 max=438.553 range_over_median=0.00111921
    [spread] min=48.1684 med=49.1367 max=49.3036 range_over_median=0.0231039
    [spread] min=192.487 med=193.107 max=194.215 range_over_median=0.0089473
    [spread] min=41.3788 med=41.4241 max=41.5062 range_over_median=0.00307492
band 128 | gus=24.1244 sl=438.255 sl+g=49.1367 gd=193.107 gd+g=41.4241 | rewind=0.116302 correct=1
    [spread] min=83.3559 med=83.7945 max=83.8119 range_over_median=0.00544188
    [spread] min=850.366 med=851.277 max=852.354 range_over_median=0.00233551
    [spread] min=127.872 med=128.571 max=129.389 range_over_median=0.0118005
    [spread] min=366.16 med=366.809 max=368.718 range_over_median=0.00697275
    [spread] min=121.39 med=122.167 max=122.43 range_over_median=0.00851565
band 256 | gus=83.7945 sl=851.277 sl+g=128.571 gd=366.809 gd+g=122.167 | rewind=0.217956 correct=1
    [spread] min=271.834 med=274.232 max=275.418 range_over_median=0.0130681
    [spread] min=1594.71 med=1595.29 max=1605.79 range_over_median=0.00694014
    [spread] min=378.484 med=379.569 max=379.573 range_over_median=0.00287014
    [spread] min=675.625 med=675.908 max=676.247 range_over_median=0.000920121
    [spread] min=385.549 med=386.237 max=386.768 range_over_median=0.00315685
band 512 | gus=274.232 sl=1595.29 sl+g=379.569 gd=675.908 gd+g=386.237 | rewind=0.374389 correct=1
Sauvegarde: results/macbook/fullspgemm.csv
