=== FULLSPGEMM (positionnement) ===
    [spread] min=120.385 med=121.185 max=122.774 range_over_median=0.0197146
    [spread] min=3635.49 med=3637.61 max=3647.73 range_over_median=0.00336611
    [spread] min=4111.04 med=4143.14 max=4144.95 range_over_median=0.00818461
    [spread] min=3762.84 med=3771.44 max=3772.64 range_over_median=0.00259635
    [spread] min=4250.87 med=4259.08 max=4284.57 range_over_median=0.00791245
beta 0 | gus=121.185 sl=3637.61 sl+g=4143.14 gd=3771.44 gd+g=4259.08 | rewind=0.999756 correct=1
    [spread] min=117.237 med=117.512 max=117.789 range_over_median=0.00469741
    [spread] min=3210.51 med=3213.38 max=3216.1 range_over_median=0.00173959
    [spread] min=3589.44 med=3607.41 max=3612.76 range_over_median=0.00646211
    [spread] min=3313.87 med=3319.36 max=3321.7 range_over_median=0.00236005
    [spread] min=3707.62 med=3732.62 max=3741.3 range_over_median=0.00902346
beta 0.3 | gus=117.512 sl=3213.38 sl+g=3607.41 gd=3319.36 gd+g=3732.62 | rewind=0.999756 correct=1
    [spread] min=108.345 med=109.207 max=114.482 range_over_median=0.0561985
    [spread] min=2415.36 med=2421.78 max=2421.86 range_over_median=0.00268242
    [spread] min=2634.9 med=2654.11 max=2658.11 range_over_median=0.00874365
    [spread] min=2493.39 med=2505.73 max=2508.21 range_over_median=0.00591407
    [spread] min=2734.06 med=2756.51 max=2762.6 range_over_median=0.0103557
beta 0.6 | gus=109.207 sl=2421.78 sl+g=2654.11 gd=2505.73 gd+g=2756.51 | rewind=0.999756 correct=1
    [spread] min=79.4332 med=80.4904 max=80.6398 range_over_median=0.0149909
    [spread] min=1338.04 med=1342.05 max=1342.66 range_over_median=0.00344795
    [spread] min=958.952 med=961.591 max=967.262 range_over_median=0.00864184
    [spread] min=1263 med=1263.81 max=1267.9 range_over_median=0.00387873
    [spread] min=1002.26 med=1002.63 max=1003.03 range_over_median=0.000762283
beta 0.9 | gus=80.4904 sl=1342.05 sl+g=961.591 gd=1263.81 gd+g=1002.63 | rewind=0.934244 correct=1
    [spread] min=66.1782 med=66.8689 max=67.0578 range_over_median=0.0131545
    [spread] min=1036.92 med=1037.24 max=1040.04 range_over_median=0.00301454
    [spread] min=491.764 med=492.398 max=492.613 range_over_median=0.00172599
    [spread] min=919.467 med=920.777 max=922.087 range_over_median=0.0028452
    [spread] min=501.83 med=506.409 max=507.018 range_over_median=0.0102454
beta 0.95 | gus=66.8689 sl=1037.24 sl+g=492.398 gd=920.777 gd+g=506.409 | rewind=0.7793 correct=1
    [spread] min=1.28392 med=1.29267 max=1.29604 range_over_median=0.00937984
    [spread] min=245.101 med=245.941 max=246.762 range_over_median=0.006754
    [spread] min=58.5883 med=59.252 max=59.872 range_over_median=0.0216645
    [spread] min=117.341 med=118.396 max=119.031 range_over_median=0.014278
    [spread] min=40.4253 med=40.7274 max=41.9345 range_over_median=0.0370563
band 16 | gus=1.29267 sl=245.941 sl+g=59.252 gd=118.396 gd+g=40.7274 | rewind=0.0072965 correct=1
    [spread] min=3.66054 med=3.66579 max=3.67221 range_over_median=0.0031824
    [spread] min=478.825 med=480.422 max=482.692 range_over_median=0.00804987
    [spread] min=70.5281 med=71.0774 max=71.9768 range_over_median=0.0203821
    [spread] min=213.175 med=213.722 max=214.392 range_over_median=0.00569236
    [spread] min=48.1297 med=48.8103 max=48.984 range_over_median=0.017504
band 32 | gus=3.66579 sl=480.422 sl+g=71.0774 gd=213.722 gd+g=48.8103 | rewind=0.0150203 correct=1
    [spread] min=12.1868 med=12.2366 max=12.4048 range_over_median=0.0178119
    [spread] min=959.661 med=961.247 max=965.339 range_over_median=0.00590674
    [spread] min=92.875 med=93.7147 max=95.6799 range_over_median=0.0299304
    [spread] min=415.47 med=416.978 max=431.159 range_over_median=0.0376258
    [spread] min=63.8355 med=63.9883 max=67.3252 range_over_median=0.0545367
band 64 | gus=12.2366 sl=961.247 sl+g=93.7147 gd=416.978 gd+g=63.9883 | rewind=0.0302848 correct=1
    [spread] min=49.4252 med=49.4345 max=49.9808 range_over_median=0.0112396
    [spread] min=1782.97 med=1792.75 max=1794.57 range_over_median=0.00647062
    [spread] min=142.772 med=143.261 max=145.633 range_over_median=0.0199688
    [spread] min=776.915 med=783.948 max=797.02 range_over_median=0.0256451
    [spread] min=112.2 med=112.742 max=113.243 range_over_median=0.00925012
band 128 | gus=49.4345 sl=1792.75 sl+g=143.261 gd=783.948 gd+g=112.742 | rewind=0.0600814 correct=1
    [spread] min=178.181 med=178.922 max=179.04 range_over_median=0.00479865
    [spread] min=3456.66 med=3457.44 max=3483.4 range_over_median=0.00773442
    [spread] min=327.406 med=327.78 max=328.036 range_over_median=0.00192215
    [spread] min=1503.34 med=1520.34 max=1520.65 range_over_median=0.0113806
    [spread] min=289.422 med=291.001 max=291.57 range_over_median=0.00738185
band 256 | gus=178.922 sl=3457.44 sl+g=327.78 gd=1520.34 gd+g=291.001 | rewind=0.116745 correct=1
    [spread] min=635.82 med=637.273 max=637.817 range_over_median=0.00313445
    [spread] min=6721.99 med=6727.09 max=6770.82 range_over_median=0.00725921
    [spread] min=964.364 med=964.564 max=969.247 range_over_median=0.00506153
    [spread] min=2995.15 med=3012.28 max=3080.54 range_over_median=0.0283449
    [spread] min=949.983 med=950.796 max=951.411 range_over_median=0.00150194
band 512 | gus=637.273 sl=6727.09 sl+g=964.564 gd=3012.28 gd+g=950.796 | rewind=0.218353 correct=1
Sauvegarde: results/macbook/full_wide.csv
