=== TRIANGLES ===

Graphe: data/roadNet-CA.txt
  n=1965206 nnz=5533214 deg_moy=2.81559
    [spread] min=799.707 med=800.644 max=801.431 cv~0.00215341
    [spread] min=452.481 med=452.884 max=455.909 cv~0.00757023
    [spread] min=501.142 med=501.524 max=502.612 cv~0.00293013
    [spread] min=636.545 med=636.888 max=640.216 cv~0.00576501
    [spread] min=577.163 med=579.751 max=580.812 cv~0.00629536
    [spread] min=743.224 med=744.652 max=745.998 cv~0.00372455
    [spread] min=296.054 med=296.27 max=300.256 cv~0.0141813
    [spread] min=579.294 med=585.976 max=586.827 cv~0.0128562
  [natural] T=120676 | mgus=800.644 merge=452.884 gallop=501.524 finger=636.888 (rr=0.301332) | cf=579.751 cf_finger=744.652 (rr=0.0970578) | counts_ok=1
    [spread] min=987.351 med=987.674 max=988.281 cv~0.000942291
    [spread] min=423.961 med=424.434 max=425.498 cv~0.00362235
    [spread] min=477.935 med=478.469 max=480.29 cv~0.00492086
    [spread] min=622.158 med=623.478 max=626.135 cv~0.00637929
    [spread] min=565.489 med=566.939 max=567.454 cv~0.00346589
    [spread] min=748.619 med=750.623 max=751.811 cv~0.0042523
    [spread] min=301.789 med=302.669 max=304.074 cv~0.00754967
    [spread] min=595.498 med=600.109 max=600.967 cv~0.00911266
  [rcm] T=120676 | mgus=987.674 merge=424.434 gallop=478.469 finger=623.478 (rr=0.340425) | cf=566.939 cf_finger=750.623 (rr=0.0632417) | counts_ok=1
    [spread] min=1204.66 med=1204.81 max=1208.04 cv~0.00279829
    [spread] min=570.565 med=572.132 max=572.493 cv~0.00336998
    [spread] min=616.665 med=618.006 max=620.445 cv~0.00611577
    [spread] min=803.588 med=804.345 max=804.449 cv~0.00106965
    [spread] min=581.426 med=582.583 max=583.431 cv~0.00344121
    [spread] min=747.956 med=748.461 max=751.63 cv~0.00490799
    [spread] min=371.391 med=372.737 max=373.073 cv~0.00451307
    [spread] min=583.889 med=585.201 max=590.339 cv~0.0110222
  [degree] T=120676 | mgus=1204.81 merge=572.132 gallop=618.006 finger=804.345 (rr=0.442078) | cf=582.583 cf_finger=748.461 (rr=0.0970578) | counts_ok=1

Graphe: data/email-Enron.txt
  n=36692 nnz=367662 deg_moy=10.0202
    [spread] min=1210.56 med=1215.24 max=1219.55 cv~0.0073967
    [spread] min=541.531 med=541.874 max=542.703 cv~0.00216465
    [spread] min=389.617 med=390.554 max=390.927 cv~0.00335367
    [spread] min=417.413 med=418.377 max=421.345 cv~0.00939792
    [spread] min=107.895 med=108.03 max=114.072 cv~0.0571786
    [spread] min=119.7 med=119.989 max=124.759 cv~0.0421609
    [spread] min=404.227 med=405.146 max=408.146 cv~0.00967398
    [spread] min=107.638 med=107.817 max=113.774 cv~0.0569178
  [natural] T=727044 | mgus=1215.24 merge=541.874 gallop=390.554 finger=418.377 (rr=0.806213) | cf=108.03 cf_finger=119.989 (rr=0.761098) | counts_ok=1
    [spread] min=1248.82 med=1249.27 max=1255.94 cv~0.00570164
    [spread] min=696.054 med=696.128 max=696.527 cv~0.000680102
    [spread] min=396.176 med=396.786 max=399.02 cv~0.00716841
    [spread] min=414.24 med=415.003 max=420.082 cv~0.0140784
    [spread] min=107.839 med=107.916 max=108.724 cv~0.00819843
    [spread] min=119.732 med=119.993 max=120.541 cv~0.00673738
    [spread] min=346.821 med=347.317 max=350.985 cv~0.0119885
    [spread] min=108.091 med=108.43 max=110.563 cv~0.022798
  [rcm] T=727044 | mgus=1249.27 merge=696.128 gallop=396.786 finger=415.003 (rr=0.848334) | cf=107.916 cf_finger=119.993 (rr=0.760265) | counts_ok=1
    [spread] min=1365.1 med=1365.44 max=1367.53 cv~0.00178086
    [spread] min=746.472 med=747.678 max=748.986 cv~0.00336229
    [spread] min=465.36 med=465.837 max=468.644 cv~0.00705103
    [spread] min=486.886 med=487.391 max=491.195 cv~0.00884108
    [spread] min=107.729 med=107.884 max=108.386 cv~0.00608386
    [spread] min=119.709 med=120.268 max=121.013 cv~0.0108443
    [spread] min=456.08 med=457.936 max=463.352 cv~0.0158791
    [spread] min=107.633 med=107.694 max=108.075 cv~0.0041079
  [degree] T=727044 | mgus=1365.44 merge=747.678 gallop=465.837 finger=487.391 (rr=0.865289) | cf=107.884 cf_finger=120.268 (rr=0.761098) | counts_ok=1

Graphe: gen:band:20000:16
  n=20000 nnz=639728 deg_moy=31.9864
    [spread] min=309.964 med=310.074 max=310.522 cv~0.0017993
    [spread] min=164.983 med=165.311 max=166.141 cv~0.00700196
    [spread] min=163.665 med=164.016 max=165.561 cv~0.0115573
    [spread] min=179.323 med=180.026 max=180.458 cv~0.0063029
    [spread] min=88.0923 med=88.4035 max=89.1747 cv~0.0122438
    [spread] min=104.813 med=104.888 max=105.611 cv~0.00760729
    [spread] min=46.2128 med=46.4371 max=74.8523 cv~0.616739
    [spread] min=40.8826 med=41.044 max=50.7144 cv~0.239543
  [natural] T=2398640 | mgus=310.074 merge=165.311 gallop=164.016 finger=180.026 (rr=0.937477) | cf=88.4035 cf_finger=104.888 (rr=0.875047) | counts_ok=1
    [spread] min=310.21 med=310.428 max=310.7 cv~0.00157998
    [spread] min=164.617 med=165.042 max=165.784 cv~0.00706826
    [spread] min=163.211 med=164.951 max=165.141 cv~0.0116986
    [spread] min=179.107 med=179.593 max=180.073 cv~0.00537908
    [spread] min=88.2482 med=88.5319 max=89.2269 cv~0.0110548
    [spread] min=104.824 med=105.08 max=105.917 cv~0.0103934
    [spread] min=46.0276 med=46.0934 max=62.064 cv~0.347911
    [spread] min=40.9366 med=41.1546 max=52.9985 cv~0.29309
  [rcm] T=2398640 | mgus=310.428 merge=165.042 gallop=164.951 finger=179.593 (rr=0.937477) | cf=88.5319 cf_finger=105.08 (rr=0.875047) | counts_ok=1
    [spread] min=310.17 med=310.286 max=310.697 cv~0.00169753
    [spread] min=164.399 med=165.166 max=165.375 cv~0.00591008
    [spread] min=163.594 med=165.387 max=165.821 cv~0.0134636
    [spread] min=179.754 med=180.029 max=180.309 cv~0.00308139
    [spread] min=88.276 med=88.4224 max=89.0541 cv~0.0087995
    [spread] min=105.05 med=105.086 max=110.348 cv~0.0504202
    [spread] min=46.061 med=46.1453 max=62.0359 cv~0.346187
    [spread] min=40.8345 med=41.0583 max=80.2117 cv~0.959056
  [degree] T=2398640 | mgus=310.286 merge=165.166 gallop=165.387 finger=180.029 (rr=0.93748) | cf=88.4224 cf_finger=105.086 (rr=0.875047) | counts_ok=1

Graphe: gen:ba:20000:8
  n=20000 nnz=319124 deg_moy=15.9562
    [spread] min=552.888 med=556.494 max=557.103 cv~0.00757365
    [spread] min=224.253 med=224.585 max=231.269 cv~0.031243
    [spread] min=211.566 med=212.076 max=217.296 cv~0.0270179
    [spread] min=234.64 med=234.978 max=240.482 cv~0.0248616
    [spread] min=57.3802 med=57.478 max=57.8522 cv~0.00821236
    [spread] min=69.7633 med=70.1431 max=78.1949 cv~0.120206
    [spread] min=207.227 med=207.514 max=212.235 cv~0.0241334
    [spread] min=29.8647 med=30.0082 max=54.6852 cv~0.827122
  [natural] T=9814 | mgus=556.494 merge=224.585 gallop=212.076 finger=234.978 (rr=0.874663) | cf=57.478 cf_finger=70.1431 (rr=0.761478) | counts_ok=1
    [spread] min=519.884 med=521.586 max=522.965 cv~0.00590567
    [spread] min=225.259 med=226.492 max=227.095 cv~0.00810642
    [spread] min=184.874 med=185.288 max=190.57 cv~0.0307402
    [spread] min=203.27 med=203.76 max=205.474 cv~0.0108152
    [spread] min=57.4831 med=57.54 max=57.8915 cv~0.00709741
    [spread] min=69.7227 med=70.6409 max=72.0151 cv~0.0324514
    [spread] min=64.7918 med=64.8994 max=71.4187 cv~0.10211
    [spread] min=30.0695 med=31.0934 max=47.3645 cv~0.556228
  [rcm] T=9814 | mgus=521.586 merge=226.492 gallop=185.288 finger=203.76 (rr=0.890481) | cf=57.54 cf_finger=70.6409 (rr=0.759431) | counts_ok=1
    [spread] min=553.031 med=556.272 max=561.907 cv~0.0159578
    [spread] min=234.855 med=235.461 max=242.199 cv~0.0311895
    [spread] min=206.044 med=207.315 max=215.837 cv~0.0472399
    [spread] min=221.436 med=221.973 max=227.68 cv~0.0281329
    [spread] min=57.4396 med=57.588 max=57.8767 cv~0.00758982
    [spread] min=69.6903 med=70.2268 max=79.7676 cv~0.143496
    [spread] min=94.4024 med=94.6014 max=95.8401 cv~0.0151964
    [spread] min=30.1052 med=42.3899 max=60.3678 cv~0.71391
  [degree] T=9814 | mgus=556.272 merge=235.461 gallop=207.315 finger=221.973 (rr=0.907484) | cf=57.588 cf_finger=70.2268 (rr=0.761478) | counts_ok=1

Sauvegarde: results/raspberry_pi/threads/tri_T4.csv
