=== TRIANGLES ===

Graphe: data/roadNet-CA.txt
  n=1965206 nnz=5533214 deg_moy=2.81559 fingerprint=c0d6898a551b5f71
    [spread] min=69.3187 med=70.3906 max=72.8556 range_over_median=0.050247
    [spread] min=37.4285 med=37.751 max=38.634 range_over_median=0.031934
    [spread] min=37.753 med=38.3945 max=39.7514 range_over_median=0.0520485
    [spread] min=45.3977 med=45.6304 max=47.3787 range_over_median=0.043414
    [spread] min=32.3879 med=32.7358 max=33.5274 range_over_median=0.0348102
    [spread] min=36.3651 med=36.4213 max=37.6827 range_over_median=0.0361784
    [spread] min=24.1402 med=24.5241 max=25.1737 range_over_median=0.0421456
    [spread] min=25.5351 med=25.6981 max=25.7752 range_over_median=0.00934245
  [natural] T=120676 | mgus=70.3906 merge=37.751 gallop=38.3945 finger=45.6304 (rr=0.301332) | cf=32.7358 cf_finger=36.4213 (rr=0.0970578) | counts_ok=1
    [spread] min=67.5414 med=68.2551 max=68.6427 range_over_median=0.0161349
    [spread] min=31.3506 med=31.5265 max=31.5372 range_over_median=0.00591962
    [spread] min=30.6252 med=30.8661 max=30.885 range_over_median=0.00841674
    [spread] min=36.8871 med=37.2419 max=37.3563 range_over_median=0.0125989
    [spread] min=28.048 med=28.9573 max=29.1648 range_over_median=0.0385639
    [spread] min=31.6724 med=32.4287 max=33.9028 range_over_median=0.0687792
    [spread] min=19.371 med=19.4676 max=19.5816 range_over_median=0.0108192
    [spread] min=22.4244 med=22.9883 max=23.5691 range_over_median=0.0497952
  [rcm] T=120676 | mgus=68.2551 merge=31.5265 gallop=30.8661 finger=37.2419 (rr=0.340433) | cf=28.9573 cf_finger=32.4287 (rr=0.0631623) | counts_ok=1
    [spread] min=70.7158 med=70.8434 max=71.894 range_over_median=0.0166312
    [spread] min=43.6465 med=44.0943 max=44.8084 range_over_median=0.0263489
    [spread] min=43.5665 med=43.8803 max=44.2527 range_over_median=0.0156363
    [spread] min=53.8138 med=54.4505 max=56.0367 range_over_median=0.040823
    [spread] min=31.456 med=31.9567 max=32.4654 range_over_median=0.0315857
    [spread] min=36.1136 med=36.5154 max=38.5271 range_over_median=0.0660954
    [spread] min=30.6794 med=30.8035 max=31.3345 range_over_median=0.0212679
    [spread] min=25.4528 med=26.0759 max=26.8181 range_over_median=0.05236
  [degree] T=120676 | mgus=70.8434 merge=44.0943 gallop=43.8803 finger=54.4505 (rr=0.442078) | cf=31.9567 cf_finger=36.5154 (rr=0.0970578) | counts_ok=1

Graphe: data/email-Enron.txt
  n=36692 nnz=367662 deg_moy=10.0202 fingerprint=e020b121d9c2b4d3
    [spread] min=61.5737 med=61.777 max=62.1445 range_over_median=0.0092382
    [spread] min=56.2045 med=56.2459 max=56.9125 range_over_median=0.0125891
    [spread] min=55.5037 med=55.5915 max=55.6262 range_over_median=0.00220206
    [spread] min=58.0958 med=58.176 max=59.829 range_over_median=0.0297918
    [spread] min=13.8156 med=13.8942 max=14.259 range_over_median=0.0319167
    [spread] min=15.9661 med=16.0242 max=16.0441 range_over_median=0.00486503
    [spread] min=57.3455 med=57.4035 max=57.4385 range_over_median=0.00162011
    [spread] min=15.7469 med=15.8385 max=16.0517 range_over_median=0.0192463
  [natural] T=727044 | mgus=61.777 merge=56.2459 gallop=55.5915 finger=58.176 (rr=0.806213) | cf=13.8942 cf_finger=16.0242 (rr=0.761098) | counts_ok=1
    [spread] min=87.5152 med=88.0042 max=88.7748 range_over_median=0.0143132
    [spread] min=71.8658 med=71.9714 max=73.3319 range_over_median=0.0203715
    [spread] min=58.2131 med=58.2902 max=58.5801 range_over_median=0.00629537
    [spread] min=60.6785 med=60.782 max=60.8058 range_over_median=0.00209424
    [spread] min=13.7902 med=13.8751 max=13.8806 range_over_median=0.00651648
    [spread] min=15.9362 med=15.9943 max=16.3371 range_over_median=0.0250663
    [spread] min=57.6917 med=58.3035 max=59.0197 range_over_median=0.0227774
    [spread] min=15.6157 med=15.7337 max=16.3503 range_over_median=0.0466913
  [rcm] T=727044 | mgus=88.0042 merge=71.9714 gallop=58.2902 finger=60.782 (rr=0.845184) | cf=13.8751 cf_finger=15.9943 (rr=0.760199) | counts_ok=1
    [spread] min=86.7371 med=88.434 max=89.2767 range_over_median=0.0287173
    [spread] min=75.867 med=76.9933 max=77.3102 range_over_median=0.0187441
    [spread] min=63.3608 med=63.7219 max=64.1191 range_over_median=0.0119007
    [spread] min=65.297 med=65.7256 max=65.8128 range_over_median=0.00784764
    [spread] min=14.0937 med=14.298 max=14.8146 range_over_median=0.050418
    [spread] min=16.3018 med=16.3197 max=16.4053 range_over_median=0.00634466
    [spread] min=64.9096 med=65.2809 max=68.0615 range_over_median=0.0482824
    [spread] min=15.821 med=16.0303 max=16.1625 range_over_median=0.0213034
  [degree] T=727044 | mgus=88.434 merge=76.9933 gallop=63.7219 finger=65.7256 (rr=0.865289) | cf=14.298 cf_finger=16.3197 (rr=0.761098) | counts_ok=1

Graphe: gen:band:20000:16
  n=20000 nnz=639728 deg_moy=31.9864 fingerprint=b30d25a2bad1087d
    [spread] min=10.4254 med=10.48 max=10.5112 range_over_median=0.0081862
    [spread] min=7.05725 med=7.20483 max=7.334 range_over_median=0.0384117
    [spread] min=6.08296 med=6.16129 max=6.38142 range_over_median=0.048441
    [spread] min=7.33446 med=7.36596 max=7.44729 range_over_median=0.0153183
    [spread] min=3.78775 med=3.79688 max=4.03371 range_over_median=0.0647793
    [spread] min=4.42192 med=4.66387 max=4.71825 range_over_median=0.0635379
    [spread] min=3.66429 med=3.70254 max=3.78421 range_over_median=0.0323875
    [spread] min=2.84042 med=2.96408 max=3.08267 range_over_median=0.0817285
  [natural] T=2398640 | mgus=10.48 merge=7.20483 gallop=6.16129 finger=7.36596 (rr=0.937477) | cf=3.79688 cf_finger=4.66387 (rr=0.875047) | counts_ok=1
    [spread] min=10.6119 med=10.638 max=10.6574 range_over_median=0.00428107
    [spread] min=7.13229 med=7.45396 max=7.60183 range_over_median=0.0629922
    [spread] min=5.85308 med=6.03992 max=6.05758 range_over_median=0.0338582
    [spread] min=7.35067 med=7.36208 max=7.39808 range_over_median=0.00644057
    [spread] min=3.44862 med=3.53254 max=3.60663 range_over_median=0.044727
    [spread] min=4.07267 med=4.16113 max=4.18071 range_over_median=0.0259646
    [spread] min=3.60421 med=3.67042 max=3.69783 range_over_median=0.025508
    [spread] min=2.9405 med=2.97767 max=3.27096 range_over_median=0.110979
  [rcm] T=2398640 | mgus=10.638 merge=7.45396 gallop=6.03992 finger=7.36208 (rr=0.937477) | cf=3.53254 cf_finger=4.16113 (rr=0.875047) | counts_ok=1
    [spread] min=10.5251 med=10.5646 max=10.5847 range_over_median=0.00564386
    [spread] min=7.09012 med=7.45175 max=8.43521 range_over_median=0.180506
    [spread] min=6.14317 med=6.21525 max=6.28737 range_over_median=0.0232023
    [spread] min=7.84783 med=7.86971 max=7.90487 range_over_median=0.0072483
    [spread] min=3.5185 med=3.56017 max=3.76129 range_over_median=0.0681968
    [spread] min=4.59879 med=4.81783 max=5.20808 range_over_median=0.126466
    [spread] min=3.70817 med=3.76296 max=3.82058 range_over_median=0.0298744
    [spread] min=3.01737 med=3.048 max=3.16042 range_over_median=0.0469295
  [degree] T=2398640 | mgus=10.5646 merge=7.45175 gallop=6.21525 finger=7.86971 (rr=0.93748) | cf=3.56017 cf_finger=4.81783 (rr=0.875047) | counts_ok=1

Graphe: gen:ba:20000:8
  n=20000 nnz=319122 deg_moy=15.9561 fingerprint=fa917d3836e2f882
    [spread] min=22.2869 med=22.8004 max=23.2677 range_over_median=0.0430164
    [spread] min=23.0474 med=24.3222 max=25.4201 range_over_median=0.097555
    [spread] min=22.9587 med=23.3252 max=24.1563 range_over_median=0.0513446
    [spread] min=24.5042 med=24.6585 max=25.5485 range_over_median=0.0423484
    [spread] min=5.80592 med=5.96913 max=6.79008 range_over_median=0.164876
    [spread] min=7.36604 med=7.50942 max=8.25004 range_over_median=0.117719
    [spread] min=23.4834 med=23.493 max=24.175 range_over_median=0.0294414
    [spread] min=4.45283 med=4.88858 max=5.94571 range_over_median=0.30538
  [natural] T=10435 | mgus=22.8004 merge=24.3222 gallop=23.3252 finger=24.6585 (rr=0.874662) | cf=5.96913 cf_finger=7.50942 (rr=0.762247) | counts_ok=1
    [spread] min=21.5621 med=21.8126 max=22.0157 range_over_median=0.0207927
    [spread] min=24.9203 med=24.961 max=25.5431 range_over_median=0.0249522
    [spread] min=22.1378 med=22.2885 max=22.7397 range_over_median=0.0270038
    [spread] min=23.9997 med=24.0629 max=25.5867 range_over_median=0.0659556
    [spread] min=5.67975 med=5.97754 max=6.39642 range_over_median=0.119893
    [spread] min=7.16383 med=7.29408 max=7.31617 range_over_median=0.0208846
    [spread] min=12.2212 med=12.4328 max=12.6056 range_over_median=0.0309197
    [spread] min=4.08162 med=4.85442 max=5.073 range_over_median=0.204221
  [rcm] T=10435 | mgus=21.8126 merge=24.961 gallop=22.2885 finger=24.0629 (rr=0.890236) | cf=5.97754 cf_finger=7.29408 (rr=0.760198) | counts_ok=1
    [spread] min=21.8161 med=21.977 max=22.016 range_over_median=0.00909474
    [spread] min=24.7998 med=25.5268 max=25.7869 range_over_median=0.0386684
    [spread] min=23.612 med=23.8044 max=24.3898 range_over_median=0.032676
    [spread] min=25.1477 med=25.1983 max=25.2077 range_over_median=0.00237778
    [spread] min=5.81992 med=5.89363 max=5.98925 range_over_median=0.0287317
    [spread] min=7.30617 med=7.41454 max=7.53367 range_over_median=0.0306829
    [spread] min=17.1797 med=17.2569 max=17.3122 range_over_median=0.00768051
    [spread] min=4.23533 med=4.66496 max=5.09617 range_over_median=0.184532
  [degree] T=10435 | mgus=21.977 merge=25.5268 gallop=23.8044 finger=25.1983 (rr=0.90786) | cf=5.89363 cf_finger=7.41454 (rr=0.762247) | counts_ok=1

Sauvegarde: results/macbook/threads/tri_T2.csv
