=== TRIANGLES ===

Graphe: data/roadNet-CA.txt
  n=1965206 nnz=5533214 deg_moy=2.81559
    [spread] min=74.9271 med=75.4516 max=75.6354 cv~0.00938681
    [spread] min=39.6608 med=40.1086 max=40.7852 cv~0.0280353
    [spread] min=40.6435 med=40.7541 max=41.0716 cv~0.0105041
    [spread] min=49.554 med=49.8395 max=50.1647 cv~0.0122527
    [spread] min=33.287 med=34.5323 max=35.8415 cv~0.0739729
    [spread] min=37.328 med=38.3316 max=39.3354 cv~0.0523708
    [spread] min=11.6133 med=13.1145 max=13.3526 cv~0.132627
    [spread] min=22.9314 med=23.782 max=25.6656 cv~0.114971
  [natural] T=120676 | mgus=75.4516 merge=40.1086 gallop=40.7541 finger=49.8395 (rr=0.301332) | cf=34.5323 cf_finger=38.3316 (rr=0.0970578) | counts_ok=1
    [spread] min=70.2538 med=70.4796 max=70.7 cv~0.00633101
    [spread] min=31.7884 med=31.9758 max=33.377 cv~0.0496835
    [spread] min=30.9868 med=31.1755 max=31.8197 cv~0.0267183
    [spread] min=38.0352 med=38.6221 max=39.3761 cv~0.0347189
    [spread] min=29.839 med=30.4467 max=31.6117 cv~0.0582234
    [spread] min=32.8247 med=33.5519 max=34.3557 cv~0.0456321
    [spread] min=8.90708 med=9.52512 max=11.2089 cv~0.241659
    [spread] min=21.0316 med=22.5771 max=24.1486 cv~0.138059
  [rcm] T=120676 | mgus=70.4796 merge=31.9758 gallop=31.1755 finger=38.6221 (rr=0.340451) | cf=30.4467 cf_finger=33.5519 (rr=0.0632263) | counts_ok=1
    [spread] min=75.229 med=76.6335 max=78.0669 cv~0.0370313
    [spread] min=45.5435 med=45.7487 max=46.1912 cv~0.014158
    [spread] min=45.2877 med=45.8703 max=47.0397 cv~0.0381937
    [spread] min=57.1115 med=57.8805 max=58.7451 cv~0.0282234
    [spread] min=33.4473 med=34.1021 max=34.6901 cv~0.0364444
    [spread] min=38.4376 med=38.8233 max=40.003 cv~0.0403205
    [spread] min=12.0982 med=12.2432 max=14.5343 cv~0.198974
    [spread] min=23.2763 med=24.052 max=24.7654 cv~0.0619128
  [degree] T=120676 | mgus=76.6335 merge=45.7487 gallop=45.8703 finger=57.8805 (rr=0.442078) | cf=34.1021 cf_finger=38.8233 (rr=0.0970578) | counts_ok=1

Graphe: data/email-Enron.txt
  n=36692 nnz=367662 deg_moy=10.0202
    [spread] min=63.3412 med=63.6788 max=63.9272 cv~0.00920309
    [spread] min=56.8905 med=57.393 max=59.3818 cv~0.0434076
    [spread] min=57.3312 med=57.987 max=58.9308 cv~0.0275859
    [spread] min=60.4228 med=60.5659 max=61.4671 cv~0.0172416
    [spread] min=14.1356 med=14.234 max=14.735 cv~0.0421115
    [spread] min=16.504 med=16.6208 max=16.8375 cv~0.0200627
    [spread] min=49.887 med=49.9426 max=50.5062 cv~0.0123967
    [spread] min=12.4594 med=12.6811 max=12.8567 cv~0.0313326
  [natural] T=727044 | mgus=63.6788 merge=57.393 gallop=57.987 finger=60.5659 (rr=0.806213) | cf=14.234 cf_finger=16.6208 (rr=0.761098) | counts_ok=1
    [spread] min=91.5242 med=92.26 max=92.9963 cv~0.0159558
    [spread] min=69.7104 med=70.6375 max=74.2358 cv~0.0640648
    [spread] min=60.0282 med=60.683 max=61.7961 cv~0.029133
    [spread] min=62.4806 med=62.8581 max=63.4494 cv~0.015413
    [spread] min=14.2712 med=14.4488 max=14.6007 cv~0.0228047
    [spread] min=16.3224 med=16.6769 max=17.0445 cv~0.043301
    [spread] min=30.5653 med=30.6779 max=31.0715 cv~0.0165008
    [spread] min=12.1161 med=12.3675 max=12.5096 cv~0.0318172
  [rcm] T=727044 | mgus=92.26 merge=70.6375 gallop=60.683 finger=62.8581 (rr=0.846669) | cf=14.4488 cf_finger=16.6769 (rr=0.760282) | counts_ok=1
    [spread] min=89.5706 med=90.049 max=90.2885 cv~0.00797159
    [spread] min=73.2609 med=73.5834 max=74.304 cv~0.0141761
    [spread] min=64.2596 med=64.8673 max=66.4988 cv~0.0345198
    [spread] min=66.5352 med=67.0115 max=69.5027 cv~0.0442828
    [spread] min=13.9378 med=14.2368 max=14.7716 cv~0.0585632
    [spread] min=15.9712 med=16.2079 max=16.3298 cv~0.0221239
    [spread] min=56.416 med=56.885 max=57.7086 cv~0.022722
    [spread] min=12.5182 med=12.7662 max=13.1327 cv~0.0481415
  [degree] T=727044 | mgus=90.049 merge=73.5834 gallop=64.8673 finger=67.0115 (rr=0.865289) | cf=14.2368 cf_finger=16.2079 (rr=0.761098) | counts_ok=1

Graphe: gen:band:20000:16
  n=20000 nnz=639728 deg_moy=31.9864
    [spread] min=10.3694 med=10.481 max=10.5677 cv~0.0189193
    [spread] min=7.01229 med=7.44796 max=7.91758 cv~0.121549
    [spread] min=6.03329 med=6.18687 max=6.30554 cv~0.0440044
    [spread] min=7.81108 med=7.99671 max=8.09475 cv~0.035473
    [spread] min=3.63325 med=3.79329 max=4.16854 cv~0.141115
    [spread] min=4.52833 med=4.56275 max=5.12171 cv~0.130047
    [spread] min=1.15454 med=1.17392 max=1.32617 cv~0.146199
    [spread] min=2.29504 med=2.43496 max=2.71458 cv~0.1723
  [natural] T=2398640 | mgus=10.481 merge=7.44796 gallop=6.18687 finger=7.99671 (rr=0.937477) | cf=3.79329 cf_finger=4.56275 (rr=0.875047) | counts_ok=1
    [spread] min=10.4612 med=10.5166 max=10.5582 cv~0.00923138
    [spread] min=7.117 med=7.47158 max=7.55567 cv~0.0587114
    [spread] min=6.08913 med=6.17767 max=6.20946 cv~0.0194789
    [spread] min=7.92692 med=8.04125 max=8.22542 cv~0.0371211
    [spread] min=3.71567 med=3.79338 max=4.45154 cv~0.193989
    [spread] min=4.478 med=4.50788 max=4.90979 cv~0.0957859
    [spread] min=1.15142 med=1.17496 max=1.29487 cv~0.122097
    [spread] min=1.91054 med=2.47771 max=2.70021 cv~0.318709
  [rcm] T=2398640 | mgus=10.5166 merge=7.47158 gallop=6.17767 finger=8.04125 (rr=0.937477) | cf=3.79338 cf_finger=4.50788 (rr=0.875047) | counts_ok=1
    [spread] min=10.4097 med=10.5023 max=10.5908 cv~0.0172423
    [spread] min=7.18492 med=7.50283 max=8.11225 cv~0.123598
    [spread] min=5.96996 med=6.2865 max=6.40321 cv~0.0689175
    [spread] min=7.95583 med=7.98454 max=8.07133 cv~0.0144653
    [spread] min=3.56575 med=3.76017 max=4.48721 cv~0.245058
    [spread] min=4.2255 med=4.40092 max=4.84375 cv~0.140482
    [spread] min=1.18083 med=1.39221 max=1.46771 cv~0.206058
    [spread] min=2.04029 med=2.36367 max=2.51329 cv~0.200113
  [degree] T=2398640 | mgus=10.5023 merge=7.50283 gallop=6.2865 finger=7.98454 (rr=0.93748) | cf=3.76017 cf_finger=4.40092 (rr=0.875047) | counts_ok=1

Graphe: gen:ba:20000:8
  n=20000 nnz=319032 deg_moy=15.9516
    [spread] min=22.891 med=23.0993 max=23.3776 cv~0.0210685
    [spread] min=22.9929 med=23.9164 max=24.9533 cv~0.0819712
    [spread] min=23.179 med=23.66 max=24.0064 cv~0.0349693
    [spread] min=24.6726 med=25.193 max=25.4124 cv~0.0293666
    [spread] min=6.06175 med=6.14746 max=6.77042 cv~0.115278
    [spread] min=7.47121 med=7.61558 max=7.84133 cv~0.048601
    [spread] min=17.6558 med=17.667 max=17.7605 cv~0.00593145
    [spread] min=1.54896 med=1.96212 max=2.18783 cv~0.325603
  [natural] T=9894 | mgus=23.0993 merge=23.9164 gallop=23.66 finger=25.193 (rr=0.874627) | cf=6.14746 cf_finger=7.61558 (rr=0.767393) | counts_ok=1
    [spread] min=22.2499 med=22.4999 max=22.7608 cv~0.0227075
    [spread] min=24.9818 med=25.5301 max=26.8665 cv~0.073823
    [spread] min=22.2347 med=22.7175 max=23.138 cv~0.0397656
    [spread] min=24.4198 med=24.5745 max=24.6777 cv~0.0104936
    [spread] min=6.04846 med=6.36029 max=6.91287 cv~0.135908
    [spread] min=7.37971 med=7.63363 max=7.96896 cv~0.0771914
    [spread] min=3.44375 med=3.47704 max=4.00138 cv~0.160373
    [spread] min=1.92658 med=2.36479 max=2.49575 cv~0.240684
  [rcm] T=9894 | mgus=22.4999 merge=25.5301 gallop=22.7175 finger=24.5745 (rr=0.890356) | cf=6.36029 cf_finger=7.63363 (rr=0.765777) | counts_ok=1
    [spread] min=22.384 med=22.6189 max=23.1994 cv~0.0360502
    [spread] min=25.6285 med=25.7243 max=26.1561 cv~0.0205092
    [spread] min=23.9493 med=24.328 max=24.5354 cv~0.024091
    [spread] min=26.0358 med=26.4443 max=26.9857 cv~0.0359215
    [spread] min=6.12 med=6.45012 max=7.05775 cv~0.145385
    [spread] min=7.94512 med=8.32896 max=8.45283 cv~0.060957
    [spread] min=6.45546 med=6.55987 max=7.64542 cv~0.181399
    [spread] min=2.07362 med=2.19129 max=2.67371 cv~0.273849
  [degree] T=9894 | mgus=22.6189 merge=25.7243 gallop=24.328 finger=26.4443 (rr=0.907664) | cf=6.45012 cf_finger=8.32896 (rr=0.767393) | counts_ok=1

Sauvegarde: results/macbook/threads/tri_T12.csv
