=== TRIANGLES ===

Graphe: data/email-Enron.txt
  n=36692 nnz=367662 deg_moy=10.0202
    [spread] min=63.3406 med=63.6735 max=64.3032 cv~0.0151181
    [spread] min=57.3663 med=58.5254 max=64.6047 cv~0.12368
    [spread] min=57.5444 med=57.7453 max=59.3801 cv~0.0317897
    [spread] min=60.763 med=61.0636 max=62.7421 cv~0.0324102
    [spread] min=14.376 med=14.6649 max=15.5019 cv~0.0767791
    [spread] min=16.6483 med=16.8604 max=17.0751 cv~0.0253157
    [spread] min=47.4444 med=47.9596 max=48.5995 cv~0.0240854
    [spread] min=2.87471 med=2.99087 max=3.18558 cv~0.103941
  [natural] T=727044 | mgus=63.6735 merge=58.5254 gallop=57.7453 finger=61.0636 (rr=0.806213) | cf=14.6649 cf_finger=16.8604 (rr=0.761098) | counts_ok=1
    [spread] min=91.033 med=91.3874 max=91.6693 cv~0.00696212
    [spread] min=72.5145 med=73.4472 max=74.8669 cv~0.0320276
    [spread] min=59.6074 med=61.0149 max=61.373 cv~0.0289376
    [spread] min=62.169 med=63.4973 max=63.8808 cv~0.0269592
    [spread] min=14.3178 med=14.6981 max=15.0717 cv~0.0512936
    [spread] min=16.6895 med=16.911 max=17.148 cv~0.0271126
    [spread] min=8.81846 med=8.85567 max=9.06504 cv~0.0278448
    [spread] min=2.96142 med=3.05463 max=3.13813 cv~0.0578493
  [rcm] T=727044 | mgus=91.3874 merge=73.4472 gallop=61.0149 finger=63.4973 (rr=0.846669) | cf=14.6981 cf_finger=16.911 (rr=0.760282) | counts_ok=1
    [spread] min=90.0541 med=90.3676 max=90.4553 cv~0.00444021
    [spread] min=72.7671 med=72.8945 max=76.385 cv~0.0496317
    [spread] min=64.6678 med=64.9977 max=66.9438 cv~0.035016
    [spread] min=67.1513 med=68.7837 max=70.128 cv~0.0432769
    [spread] min=14.0783 med=14.2024 max=14.4424 cv~0.0256382
    [spread] min=16.355 med=16.445 max=16.8516 cv~0.0301992
    [spread] min=9.44246 med=9.50463 max=9.55875 cv~0.0122353
    [spread] min=2.93987 med=3.09742 max=3.15342 cv~0.0689417
  [degree] T=727044 | mgus=90.3676 merge=72.8945 gallop=64.9977 finger=68.7837 (rr=0.865289) | cf=14.2024 cf_finger=16.445 (rr=0.761098) | counts_ok=1

Graphe: gen:ba:20000:8
  n=20000 nnz=319032 deg_moy=15.9516
    [spread] min=23.0558 med=23.0765 max=23.2955 cv~0.0103875
    [spread] min=23.1236 med=23.5751 max=24.4068 cv~0.0544288
    [spread] min=23.4118 med=23.6795 max=23.8289 cv~0.0176172
    [spread] min=25.026 med=25.3665 max=25.558 cv~0.0209742
    [spread] min=5.78604 med=6.08788 max=6.61917 cv~0.13685
    [spread] min=7.38683 med=7.53946 max=7.93229 cv~0.0723471
    [spread] min=15.8444 med=16.4764 max=17.4503 cv~0.0974679
    [spread] min=1.70542 med=1.76225 max=2.01746 cv~0.17707
  [natural] T=9894 | mgus=23.0765 merge=23.5751 gallop=23.6795 finger=25.3665 (rr=0.874627) | cf=6.08788 cf_finger=7.53946 (rr=0.767393) | counts_ok=1
    [spread] min=22.2686 med=22.4563 max=22.7086 cv~0.0195918
    [spread] min=25.2545 med=25.3761 max=25.741 cv~0.0191716
    [spread] min=22.2214 med=22.8396 max=23.3304 cv~0.0485559
    [spread] min=24.0588 med=24.5565 max=25.6135 cv~0.0633082
    [spread] min=6.00358 med=6.20171 max=6.258 cv~0.0410237
    [spread] min=7.69342 med=7.76762 max=7.9105 cv~0.0279472
    [spread] min=3.58937 med=3.68196 max=3.78517 cv~0.0531758
    [spread] min=1.6895 med=1.73513 max=1.82062 cv~0.0755709
  [rcm] T=9894 | mgus=22.4563 merge=25.3761 gallop=22.8396 finger=24.5565 (rr=0.890356) | cf=6.20171 cf_finger=7.76762 (rr=0.765777) | counts_ok=1
    [spread] min=22.2638 med=22.4277 max=22.7677 cv~0.0224685
    [spread] min=25.7038 med=25.8839 max=26.017 cv~0.0121005
    [spread] min=23.9687 med=24.3384 max=24.97 cv~0.0411421
    [spread] min=25.8674 med=25.9579 max=26.7511 cv~0.0340423
    [spread] min=5.97754 med=6.04317 max=6.77929 cv~0.132671
    [spread] min=7.39842 med=7.74592 max=7.87821 cv~0.0619413
    [spread] min=3.64075 med=3.71504 max=3.83879 cv~0.0533079
    [spread] min=1.72608 med=1.83371 max=2.001 cv~0.149924
  [degree] T=9894 | mgus=22.4277 merge=25.8839 gallop=24.3384 finger=25.9579 (rr=0.907664) | cf=6.04317 cf_finger=7.74592 (rr=0.767393) | counts_ok=1

Sauvegarde: results/macbook/scheduling/guided.csv
